// Jest Snapshot v1, https://goo.gl/fbAQLP

exports[`CustomOptions 1`] = `
<FormGroup
  icon="question-circle"
  id="custom"
  label="Possible Items"
>
  <FormControl
    bsClass="form-control"
    componentClass="input"
    min="0"
    onChange={[Function]}
    required={true}
    type="number"
    value={1}
  />
</FormGroup>
`;
