// Jest Snapshot v1, https://goo.gl/fbAQLP

exports[`DicewareOptions 1`] = `
<TextField
  disabled={true}
  floatingLabelFixed={false}
  floatingLabelText={
    <div>
      <ImageEdit />
       Possible Items
    </div>
  }
  fullWidth={false}
  multiLine={false}
  rows={1}
  type="text"
  underlineShow={true}
  value={7776}
/>
`;
