// Jest Snapshot v1, https://goo.gl/fbAQLP

exports[`GenericOptions 1`] = `
<div>
  <Checkbox
    checked={true}
    disabled={false}
    label={
      <div>
        Letters
         
        <small>
          (
          a-z
          )
        </small>
      </div>
    }
    labelPosition="right"
    name="letters"
    onCheck={[Function]}
  />
  <Checkbox
    checked={true}
    disabled={false}
    label={
      <div>
        Capital Letters
         
        <small>
          (
          A-Z
          )
        </small>
      </div>
    }
    labelPosition="right"
    name="capitalLetters"
    onCheck={[Function]}
  />
  <Checkbox
    checked={true}
    disabled={false}
    label={
      <div>
        Numbers
         
        <small>
          (
          0-9
          )
        </small>
      </div>
    }
    labelPosition="right"
    name="numbers"
    onCheck={[Function]}
  />
  <Checkbox
    checked={true}
    disabled={false}
    label={
      <div>
        Symbols
         
        <small>
          (
          !@#$%^&*
          )
        </small>
      </div>
    }
    labelPosition="right"
    name="symbols"
    onCheck={[Function]}
  />
</div>
`;
