// Jest Snapshot v1, https://goo.gl/fbAQLP

exports[`Options 1`] = `
<Card
  expandable={false}
  expanded={null}
  initiallyExpanded={false}
>
  <Tabs
    initialSelectedIndex={0}
    onChange={[Function]}
    value="generic"
  >
    <Tab
      label={
        <div>
          <Icon
            Component="span"
            name="check-square"
          />
           
          Generic
        </div>
      }
      value="generic"
    >
      <CardText>
        <Connect(GenericOptions) />
      </CardText>
    </Tab>
    <Tab
      label={
        <div>
          <Icon
            Component="span"
            name="book"
          />
           
          Diceware
        </div>
      }
      value="diceware"
    >
      <CardText>
        <DicewareOptions />
      </CardText>
    </Tab>
    <Tab
      label={
        <div>
          <Icon
            Component="span"
            name="question-circle"
          />
           
          Custom
        </div>
      }
      value="custom"
    >
      <CardText>
        <Connect(CustomOptions) />
      </CardText>
    </Tab>
  </Tabs>
</Card>
`;
