// Jest Snapshot v1, https://goo.gl/fbAQLP

exports[`Options 1`] = `
<Card
  expandable={false}
  expanded={null}
  initiallyExpanded={false}
>
  <Tabs
    initialSelectedIndex={0}
    onChange={[Function]}
    value="generic"
  >
    <Tab
      icon={
        <FontIcon
          className="fa fa-check-square"
          onMouseEnter={[Function]}
          onMouseLeave={[Function]}
        />
      }
      label="Generic"
      value="generic"
    >
      <CardText>
        <Connect(GenericOptions) />
      </CardText>
    </Tab>
    <Tab
      icon={
        <FontIcon
          className="fa fa-book"
          onMouseEnter={[Function]}
          onMouseLeave={[Function]}
        />
      }
      label="Diceware"
      value="diceware"
    >
      <CardText>
        <DicewareOptions />
      </CardText>
    </Tab>
    <Tab
      icon={
        <FontIcon
          className="fa fa-question-circle"
          onMouseEnter={[Function]}
          onMouseLeave={[Function]}
        />
      }
      label="Custom"
      value="custom"
    >
      <CardText>
        <Connect(CustomOptions) />
      </CardText>
    </Tab>
  </Tabs>
</Card>
`;
