// Jest Snapshot v1, https://goo.gl/fbAQLP

exports[`Options 1`] = `
<Uncontrolled(Tabs)
  activeKey="diceware"
  id="options"
  onSelect={[Function]}
>
  <Tab
    eventKey="diceware"
    title={
      <div>
        <Icon
          Component="span"
          name="book"
        />

        Diceware
      </div>
    }
  >
    <Panel
      bsClass="panel"
      bsStyle="default"
      defaultExpanded={false}
    >
      <DicewareOptions />
    </Panel>
  </Tab>
  <Tab
    eventKey="custom"
    title={
      <div>
        <Icon
          Component="span"
          name="question-circle"
        />

        Custom
      </div>
    }
  >
    <Panel
      bsClass="panel"
      bsStyle="default"
      defaultExpanded={false}
    >
      <Connect(CustomOptions) />
    </Panel>
  </Tab>
  <Tab
    eventKey="generic"
    title={
      <div>
        <Icon
          Component="span"
          name="check-square"
        />

        Generic
      </div>
    }
  >
    <Panel
      bsClass="panel"
      bsStyle="default"
      defaultExpanded={false}
    >
      <Connect(GenericOptions) />
    </Panel>
  </Tab>
</Uncontrolled(Tabs)>
`;
