// Jest Snapshot v1, https://goo.gl/fbAQLP

exports[`renders 1`] = `
<Options
  onChange={[Function]}
  possiblePasswords={[Function]}
>
  <h3>
    Generic
  </h3>
  <Checkbox
    bsClass="checkbox"
    checked={true}
    disabled={false}
    inline={false}
    name="letters"
    onChange={[Function]}
    title=""
  >
    Letters
     
    <small>
      (
      a-z
      )
    </small>
  </Checkbox>
  <Checkbox
    bsClass="checkbox"
    checked={true}
    disabled={false}
    inline={false}
    name="capitalLetters"
    onChange={[Function]}
    title=""
  >
    Capital Letters
     
    <small>
      (
      A-Z
      )
    </small>
  </Checkbox>
  <Checkbox
    bsClass="checkbox"
    checked={true}
    disabled={false}
    inline={false}
    name="numbers"
    onChange={[Function]}
    title=""
  >
    Numbers
     
    <small>
      (
      0-9
      )
    </small>
  </Checkbox>
  <Checkbox
    bsClass="checkbox"
    checked={true}
    disabled={false}
    inline={false}
    name="symbols"
    onChange={[Function]}
    title=""
  >
    Symbols
     
    <small>
      (
      !@#$%^&*
      )
    </small>
  </Checkbox>
</Options>
`;
