// Jest Snapshot v1, https://goo.gl/fbAQLP

exports[`PasswordEntropy 1`] = `
<div
  style={
    Object {
      "fontFamily": "Roboto, sans-serif",
    }
  }
>
  <h1>
    <ActionLock />
     Password Entropy
  </h1>
  <p>
    A simple entropy calculator for evaluating password security.
  </p>
  <form>
    <h2>
      <ActionInfo />
       Results
    </h2>
    <Connect(PossiblePasswords) />
    <TextField
      disabled={false}
      floatingLabelFixed={false}
      floatingLabelText={
        <div>
          <ActionCompareArrows />
           Length
        </div>
      }
      fullWidth={false}
      min="0"
      multiLine={false}
      onChange={[Function]}
      required={true}
      rows={1}
      type="number"
      underlineShow={true}
      value={12}
    />
    <Connect(Options) />
  </form>
</div>
`;
