// Jest Snapshot v1, https://goo.gl/fbAQLP

exports[`PasswordEntropy 1`] = `
<Container
  tag="div"
>
  <h1
    className="mt-3"
  >
    <FontAwesomeIcon
      beat={false}
      beatFade={false}
      border={false}
      bounce={false}
      className=""
      fade={false}
      fixedWidth={false}
      flip={false}
      icon={
        Object {
          "icon": Array [
            448,
            512,
            Array [
              128274,
            ],
            "f023",
            "M144 144v48H304V144c0-44.2-35.8-80-80-80s-80 35.8-80 80zM80 192V144C80 64.5 144.5 0 224 0s144 64.5 144 144v48h16c35.3 0 64 28.7 64 64V448c0 35.3-28.7 64-64 64H64c-35.3 0-64-28.7-64-64V256c0-35.3 28.7-64 64-64H80z",
          ],
          "iconName": "lock",
          "prefix": "fas",
        }
      }
      inverse={false}
      listItem={false}
      mask={null}
      maskId={null}
      pull={null}
      pulse={false}
      rotation={null}
      shake={false}
      size={null}
      spin={false}
      spinPulse={false}
      spinReverse={false}
      swapOpacity={false}
      symbol={false}
      title=""
      titleId={null}
      transform={null}
    />
     Password Entropy
  </h1>
  <p
    className="text-muted"
  >
    A simple entropy calculator for evaluating password security.
  </p>
  <Form
    tag="form"
  >
    <FormGroup
      tag="div"
    >
      <Label
        tag="label"
        widths={
          Array [
            "xs",
            "sm",
            "md",
            "lg",
            "xl",
            "xxl",
          ]
        }
      >
        <FontAwesomeIcon
          beat={false}
          beatFade={false}
          border={false}
          bounce={false}
          className=""
          fade={false}
          fixedWidth={false}
          flip={false}
          icon={
            Object {
              "icon": Array [
                512,
                512,
                Array [
                  "info-circle",
                ],
                "f05a",
                "M256 512c141.4 0 256-114.6 256-256S397.4 0 256 0S0 114.6 0 256S114.6 512 256 512zM216 336h24V272H216c-13.3 0-24-10.7-24-24s10.7-24 24-24h48c13.3 0 24 10.7 24 24v88h8c13.3 0 24 10.7 24 24s-10.7 24-24 24H216c-13.3 0-24-10.7-24-24s10.7-24 24-24zm40-144c-17.7 0-32-14.3-32-32s14.3-32 32-32s32 14.3 32 32s-14.3 32-32 32z",
              ],
              "iconName": "circle-info",
              "prefix": "fas",
            }
          }
          inverse={false}
          listItem={false}
          mask={null}
          maskId={null}
          pull={null}
          pulse={false}
          rotation={null}
          shake={false}
          size={null}
          spin={false}
          spinPulse={false}
          spinReverse={false}
          swapOpacity={false}
          symbol={false}
          title=""
          titleId={null}
          transform={null}
        />
         Results
      </Label>
      <PossiblePasswordsContainer
        length={12}
        options={
          Object {
            "Custom": 0,
            "Generic": Object {
              "Capital Letters": true,
              "Letters": true,
              "Numbers": true,
              "Symbols": true,
            },
          }
        }
        optionsKey="Generic"
      />
    </FormGroup>
    <FormGroup
      tag="div"
    >
      <Label
        tag="label"
        widths={
          Array [
            "xs",
            "sm",
            "md",
            "lg",
            "xl",
            "xxl",
          ]
        }
      >
        <FontAwesomeIcon
          beat={false}
          beatFade={false}
          border={false}
          bounce={false}
          className=""
          fade={false}
          fixedWidth={false}
          flip={false}
          icon={
            Object {
              "icon": Array [
                512,
                512,
                Array [
                  8596,
                  "arrows-alt-h",
                ],
                "f337",
                "M504.3 273.6c4.9-4.5 7.7-10.9 7.7-17.6s-2.8-13-7.7-17.6l-112-104c-7-6.5-17.2-8.2-25.9-4.4s-14.4 12.5-14.4 22l0 56-192 0 0-56c0-9.5-5.7-18.2-14.4-22s-18.9-2.1-25.9 4.4l-112 104C2.8 243 0 249.3 0 256s2.8 13 7.7 17.6l112 104c7 6.5 17.2 8.2 25.9 4.4s14.4-12.5 14.4-22l0-56 192 0 0 56c0 9.5 5.7 18.2 14.4 22s18.9 2.1 25.9-4.4l112-104z",
              ],
              "iconName": "left-right",
              "prefix": "fas",
            }
          }
          inverse={false}
          listItem={false}
          mask={null}
          maskId={null}
          pull={null}
          pulse={false}
          rotation={null}
          shake={false}
          size={null}
          spin={false}
          spinPulse={false}
          spinReverse={false}
          swapOpacity={false}
          symbol={false}
          title=""
          titleId={null}
          transform={null}
        />
         Length
        <Input
          min="0"
          onChange={
            [MockFunction] {
              "calls": Array [
                Array [],
              ],
              "results": Array [
                Object {
                  "type": "return",
                  "value": undefined,
                },
              ],
            }
          }
          required={true}
          type="number"
          value={12}
        />
      </Label>
    </FormGroup>
    <Options
      onCustom={[Function]}
      onGeneric={[Function]}
      onOptionsKey={[Function]}
      options={
        Object {
          "Custom": 0,
          "Generic": Object {
            "Capital Letters": true,
            "Letters": true,
            "Numbers": true,
            "Symbols": true,
          },
        }
      }
      optionsKey="Generic"
    />
  </Form>
</Container>
`;
