// Jest Snapshot v1, https://goo.gl/fbAQLP

exports[`renders 1`] = `
<form>
  <h1>
    Password Entropy
  </h1>
  <label>
    <h2>
      Length
    </h2>
    <input
      min="1"
      name="length"
      onChange={[Function]}
      required={true}
      type="number"
      value={6}
    />
  </label>
  <h2>
    Options
  </h2>
  <Tabs
    defaultFocus={false}
    defaultIndex={null}
    forceRenderTabPanel={false}
    selectedIndex={null}
  >
    <TabList
      className="react-tabs__tab-list"
    >
      <Tab
        className="react-tabs__tab"
        disabledClassName="react-tabs__tab--disabled"
        focus={false}
        id={null}
        panelId={null}
        selected={false}
        selectedClassName="react-tabs__tab--selected"
      >
        Diceware
      </Tab>
      <Tab
        className="react-tabs__tab"
        disabledClassName="react-tabs__tab--disabled"
        focus={false}
        id={null}
        panelId={null}
        selected={false}
        selectedClassName="react-tabs__tab--selected"
      >
        Custom
      </Tab>
      <Tab
        className="react-tabs__tab"
        disabledClassName="react-tabs__tab--disabled"
        focus={false}
        id={null}
        panelId={null}
        selected={false}
        selectedClassName="react-tabs__tab--selected"
      >
        Generic
      </Tab>
    </TabList>
    <TabPanel
      className="react-tabs__tab-panel"
      forceRender={false}
      selectedClassName="react-tabs__tab-panel--selected"
      style={Object {}}
    >
      <DicewareOptions
        onChange={[Function]}
      />
    </TabPanel>
    <TabPanel
      className="react-tabs__tab-panel"
      forceRender={false}
      selectedClassName="react-tabs__tab-panel--selected"
      style={Object {}}
    >
      <CustomOptions
        onChange={[Function]}
      />
    </TabPanel>
    <TabPanel
      className="react-tabs__tab-panel"
      forceRender={false}
      selectedClassName="react-tabs__tab-panel--selected"
      style={Object {}}
    >
      <GenericOptions
        onChange={[Function]}
      />
    </TabPanel>
  </Tabs>
  <PossiblePasswords
    length={6}
    possibleItems={7776}
  />
</form>
`;
