// Jest Snapshot v1, https://goo.gl/fbAQLP

exports[`PasswordEntropyContainer 1`] = `
<PasswordEntropy
  length={12}
  onCustom={[Function]}
  onGeneric={[Function]}
  onLength={[Function]}
  onOptionsKey={[Function]}
  options={
    Object {
      "custom": 0,
      "generic": Object {
        "capitalLetters": true,
        "letters": true,
        "numbers": true,
        "symbols": true,
      },
    }
  }
  optionsKey="generic"
/>
`;
