// Jest Snapshot v1, https://goo.gl/fbAQLP

exports[`PossiblePasswords approximate 1`] = `
<Card
  expandable={false}
  expanded={null}
  initiallyExpanded={false}
>
  <CardText>
    <h3>
      <ActionList />
       Entropy
    </h3>
    <p>
      77.55
       bits (
      Strong
      )
    </p>
    <LinearProgress
      color="#2196f3"
      max={128}
      min={0}
      mode="determinate"
      value={77.54887502163469}
    />
    <h3>
      <AvShuffle />
       Possible Passwords
    </h3>
    <p>
      ~ 
      221,073,919,720,733,000,000,000
    </p>
  </CardText>
</Card>
`;

exports[`PossiblePasswords exact 1`] = `
<Card
  expandable={false}
  expanded={null}
  initiallyExpanded={false}
>
  <CardText>
    <h3>
      <ActionList />
       Entropy
    </h3>
    <p>
      77.55
       bits (
      Strong
      )
    </p>
    <LinearProgress
      color="#2196f3"
      max={128}
      min={0}
      mode="determinate"
      value={77.54887502163469}
    />
    <h3>
      <AvShuffle />
       Possible Passwords
    </h3>
    <p>
      221,073,919,720,733,000,000,000
    </p>
  </CardText>
</Card>
`;
