// Jest Snapshot v1, https://goo.gl/fbAQLP

exports[`Custom 1`] = `
<TextField
  disabled={false}
  floatingLabelFixed={false}
  floatingLabelText={
    <div>
      <ImageEdit />
       Possible Items
    </div>
  }
  fullWidth={false}
  min="0"
  multiLine={false}
  onChange={[Function]}
  required={true}
  rows={1}
  type="number"
  underlineShow={true}
  value={1}
/>
`;
