// Jest Snapshot v1, https://goo.gl/fbAQLP

exports[`Generic 1`] = `
<withStyles(FormGroup)>
  <withStyles(FormControlLabel)
    control={
      <withStyles(Checkbox)
        checked={true}
        name="Letters"
        onChange={[Function]}
      />
    }
    label={
      <span>
        Letters
         
        <small>
          (
          a-z
          )
        </small>
      </span>
    }
  />
  <withStyles(FormControlLabel)
    control={
      <withStyles(Checkbox)
        checked={true}
        name="Capital Letters"
        onChange={[Function]}
      />
    }
    label={
      <span>
        Capital Letters
         
        <small>
          (
          A-Z
          )
        </small>
      </span>
    }
  />
  <withStyles(FormControlLabel)
    control={
      <withStyles(Checkbox)
        checked={true}
        name="Numbers"
        onChange={[Function]}
      />
    }
    label={
      <span>
        Numbers
         
        <small>
          (
          0-9
          )
        </small>
      </span>
    }
  />
  <withStyles(FormControlLabel)
    control={
      <withStyles(Checkbox)
        checked={true}
        name="Symbols"
        onChange={[Function]}
      />
    }
    label={
      <span>
        Symbols
         
        <small>
          (
          !@#$%^&*
          )
        </small>
      </span>
    }
  />
</withStyles(FormGroup)>
`;
