// Jest Snapshot v1, https://goo.gl/fbAQLP

exports[`Generic 1`] = `
<Fragment>
  <FormGroup
    check={true}
    key="Letters"
    tag="div"
  >
    <Label
      check={true}
      tag="label"
      widths={
        Array [
          "xs",
          "sm",
          "md",
          "lg",
          "xl",
        ]
      }
    >
      <Input
        checked={true}
        name="Letters"
        onChange={
          [MockFunction] {
            "calls": Array [
              Array [],
            ],
            "results": Array [
              Object {
                "type": "return",
                "value": undefined,
              },
            ],
          }
        }
        type="checkbox"
      />
      Letters
       
      <small>
        (
        a-z
        )
      </small>
    </Label>
  </FormGroup>
  <FormGroup
    check={true}
    key="Capital Letters"
    tag="div"
  >
    <Label
      check={true}
      tag="label"
      widths={
        Array [
          "xs",
          "sm",
          "md",
          "lg",
          "xl",
        ]
      }
    >
      <Input
        checked={true}
        name="Capital Letters"
        onChange={
          [MockFunction] {
            "calls": Array [
              Array [],
            ],
            "results": Array [
              Object {
                "type": "return",
                "value": undefined,
              },
            ],
          }
        }
        type="checkbox"
      />
      Capital Letters
       
      <small>
        (
        A-Z
        )
      </small>
    </Label>
  </FormGroup>
  <FormGroup
    check={true}
    key="Numbers"
    tag="div"
  >
    <Label
      check={true}
      tag="label"
      widths={
        Array [
          "xs",
          "sm",
          "md",
          "lg",
          "xl",
        ]
      }
    >
      <Input
        checked={true}
        name="Numbers"
        onChange={
          [MockFunction] {
            "calls": Array [
              Array [],
            ],
            "results": Array [
              Object {
                "type": "return",
                "value": undefined,
              },
            ],
          }
        }
        type="checkbox"
      />
      Numbers
       
      <small>
        (
        0-9
        )
      </small>
    </Label>
  </FormGroup>
  <FormGroup
    check={true}
    key="Symbols"
    tag="div"
  >
    <Label
      check={true}
      tag="label"
      widths={
        Array [
          "xs",
          "sm",
          "md",
          "lg",
          "xl",
        ]
      }
    >
      <Input
        checked={true}
        name="Symbols"
        onChange={
          [MockFunction] {
            "calls": Array [
              Array [],
            ],
            "results": Array [
              Object {
                "type": "return",
                "value": undefined,
              },
            ],
          }
        }
        type="checkbox"
      />
      Symbols
       
      <small>
        (
        !@#$%^&*
        )
      </small>
    </Label>
  </FormGroup>
</Fragment>
`;
