// Jest Snapshot v1, https://goo.gl/fbAQLP

exports[`Generic 1`] = `
<WithStyles(FormGroup)>
  <WithStyles(FormControlLabel)
    control={
      <WithStyles(Checkbox)
        checked={true}
        name="Letters"
        onChange={[Function]}
      />
    }
    key="Letters"
    label={
      <Unknown>
        Letters
         
        <WithStyles(Typography)
          gutterBottom={true}
          variant="caption"
        >
          a-z
        </WithStyles(Typography)>
      </Unknown>
    }
  />
  <WithStyles(FormControlLabel)
    control={
      <WithStyles(Checkbox)
        checked={true}
        name="Capital Letters"
        onChange={[Function]}
      />
    }
    key="Capital Letters"
    label={
      <Unknown>
        Capital Letters
         
        <WithStyles(Typography)
          gutterBottom={true}
          variant="caption"
        >
          A-Z
        </WithStyles(Typography)>
      </Unknown>
    }
  />
  <WithStyles(FormControlLabel)
    control={
      <WithStyles(Checkbox)
        checked={true}
        name="Numbers"
        onChange={[Function]}
      />
    }
    key="Numbers"
    label={
      <Unknown>
        Numbers
         
        <WithStyles(Typography)
          gutterBottom={true}
          variant="caption"
        >
          0-9
        </WithStyles(Typography)>
      </Unknown>
    }
  />
  <WithStyles(FormControlLabel)
    control={
      <WithStyles(Checkbox)
        checked={true}
        name="Symbols"
        onChange={[Function]}
      />
    }
    key="Symbols"
    label={
      <Unknown>
        Symbols
         
        <WithStyles(Typography)
          gutterBottom={true}
          variant="caption"
        >
          !@#$%^&*
        </WithStyles(Typography)>
      </Unknown>
    }
  />
</WithStyles(FormGroup)>
`;
