// Jest Snapshot v1, https://goo.gl/fbAQLP

exports[`Options 1`] = `
<Card
  raised={false}
>
  <withStyles(withTheme(withWidth(Tabs)))
    onChange={[Function]}
    value="generic"
  >
    <withStyles(Tab)
      icon={<pure(Check) />}
      label="generic"
      value="generic"
    />
    <withStyles(Tab)
      icon={<pure(Book) />}
      label="diceware"
      value="diceware"
    />
    <withStyles(Tab)
      icon={<pure(Edit) />}
      label="custom"
      value="custom"
    />
  </withStyles(withTheme(withWidth(Tabs)))>
  <withStyles(CardContent)>
    <Connect(Generic) />
  </withStyles(CardContent)>
</Card>
`;
