// Jest Snapshot v1, https://goo.gl/fbAQLP

exports[`Options 1`] = `
<Card
  raised={false}
>
  <WithStyles(Tabs)
    onChange={[Function]}
    value="generic"
  >
    <WithStyles(Tab)
      icon={<pure(Check) />}
      key="generic"
      label="generic"
      value="generic"
    />
    <WithStyles(Tab)
      icon={<pure(Book) />}
      key="diceware"
      label="diceware"
      value="diceware"
    />
    <WithStyles(Tab)
      icon={<pure(Edit) />}
      key="custom"
      label="custom"
      value="custom"
    />
  </WithStyles(Tabs)>
  <WithStyles(CardContent)>
    <Generic
      capitalLetters={true}
      letters={true}
      numbers={true}
      onGeneric={[Function]}
      symbols={true}
    />
  </WithStyles(CardContent)>
</Card>
`;
