// Jest Snapshot v1, https://goo.gl/fbAQLP

exports[`FormGroup 1`] = `
<FormGroup
  bsClass="form-group"
  controlId="length"
>
  <ControlLabel
    bsClass="control-label"
    srOnly={false}
  >
    <Icon
      Component="span"
      name="arrows-h"
    />
     
    Length
  </ControlLabel>
  Redacted
</FormGroup>
`;
