// Jest Snapshot v1, https://goo.gl/fbAQLP

exports[`renders 1`] = `
<FormGroup
  bsClass="form-group"
  controlId="length"
>
  <Col
    bsClass="col"
    componentClass="div"
    sm={2}
  >
    <ControlLabel
      bsClass="control-label"
      srOnly={false}
    >
      <Icon
        Component="span"
        name="arrows-h"
      />
       
      Length
    </ControlLabel>
  </Col>
  <Col
    bsClass="col"
    componentClass="div"
    sm={10}
  >
    Redacted
  </Col>
</FormGroup>
`;
