// Jest Snapshot v1, https://goo.gl/fbAQLP

exports[`renders 1`] = `
<div>
  <PageHeader
    bsClass="page-header"
  >
    <Icon
      Component="span"
      name="lock"
    />
     Password Entropy
    <br />
    <small>
      A simple entropy calculator for evaluating password security.
    </small>
  </PageHeader>
  <Form
    bsClass="form"
    componentClass="form"
    horizontal={true}
    inline={false}
  >
    <FormGroup
      icon="arrows-h"
      id="length"
      label="Length"
    >
      <input
        min="1"
        name="length"
        onChange={[Function]}
        required={true}
        type="number"
        value={6}
      />
    </FormGroup>
    <h2>
      <Icon
        Component="span"
        name="cog"
      />
       Options
    </h2>
    <Tabs
      defaultFocus={false}
      defaultIndex={null}
      forceRenderTabPanel={false}
      onSelect={[Function]}
      selectedIndex={0}
    >
      <TabList
        className="react-tabs__tab-list"
      >
        <Tab
          className="react-tabs__tab"
          disabledClassName="react-tabs__tab--disabled"
          focus={false}
          id={null}
          panelId={null}
          selected={false}
          selectedClassName="react-tabs__tab--selected"
        >
          <Icon
            Component="span"
            name="book"
          />
           
          Diceware
        </Tab>
        <Tab
          className="react-tabs__tab"
          disabledClassName="react-tabs__tab--disabled"
          focus={false}
          id={null}
          panelId={null}
          selected={false}
          selectedClassName="react-tabs__tab--selected"
        >
          <Icon
            Component="span"
            name="question-circle"
          />
           
          Custom
        </Tab>
        <Tab
          className="react-tabs__tab"
          disabledClassName="react-tabs__tab--disabled"
          focus={false}
          id={null}
          panelId={null}
          selected={false}
          selectedClassName="react-tabs__tab--selected"
        >
          <Icon
            Component="span"
            name="check-square"
          />
           
          Generic
        </Tab>
      </TabList>
      <TabPanel
        className="react-tabs__tab-panel"
        forceRender={false}
        selectedClassName="react-tabs__tab-panel--selected"
        style={Object {}}
      >
        <DicewareOptions />
      </TabPanel>
      <TabPanel
        className="react-tabs__tab-panel"
        forceRender={false}
        selectedClassName="react-tabs__tab-panel--selected"
        style={Object {}}
      >
        <Connect(CustomOptions) />
      </TabPanel>
      <TabPanel
        className="react-tabs__tab-panel"
        forceRender={false}
        selectedClassName="react-tabs__tab-panel--selected"
        style={Object {}}
      >
        <Connect(GenericOptions) />
      </TabPanel>
    </Tabs>
    <FormGroup
      icon="info-circle"
      id="results"
      label="Results"
    >
      <Connect(PossiblePasswords)
        length={6}
      />
    </FormGroup>
  </Form>
</div>
`;
