// Jest Snapshot v1, https://goo.gl/fbAQLP

exports[`PasswordEntropy 1`] = `
<div>
  <PageHeader
    bsClass="page-header"
  >
    <Icon
      Component="span"
      name="lock"
    />
     Password Entropy
    <br />
    <small>
      A simple entropy calculator for evaluating password security.
    </small>
  </PageHeader>
  <form>
    <FormGroup
      icon="info-circle"
      id="results"
      label="Results"
    >
      <Connect(PossiblePasswords) />
    </FormGroup>
    <FormGroup
      icon="arrows-h"
      id="length"
      label="Length"
    >
      <FormControl
        bsClass="form-control"
        componentClass="input"
        min="0"
        onChange={[Function]}
        required={true}
        type="number"
        value={12}
      />
    </FormGroup>
    <Connect(Options) />
  </form>
</div>
`;
